// Jest Snapshot v1, https://goo.gl/fbAQLP

exports[`App has a valid snapshot 1`] = `
<React.Fragment>
  <Header
    onChange={[Function]}
    onSubmit={[Function]}
    value="redux"
  />
  <Table
    list={Array []}
    onDismiss={[Function]}
  />
  <button
    onClick={[Function]}
  >
    More
  </button>
</React.Fragment>
`;
