// Jest Snapshot v1, https://goo.gl/fbAQLP

exports[`Header renders properly 1`] = `
<styled.div>
  <styled.div>
    <styled.div>
      <styled.a
        href="/"
      >
        <styled.img
          src="logo-hn.png"
        />
      </styled.a>
      <styled.div>
        Hacker News
      </styled.div>
    </styled.div>
    <Search
      onChange={[Function]}
      onSubmit={[Function]}
      sortByDate={[Function]}
      sortByPopularity={[Function]}
      value=""
    />
  </styled.div>
  <FiltersBar
    sortByDate={[Function]}
    sortByPopularity={[Function]}
  />
</styled.div>
`;
